******************************************************************************
                  TI ARM Linker PC v5.1.1                      
******************************************************************************
>> Linked Sun Aug 09 13:33:07 2015

OUTPUT FILE NAME:   <Module_PWM.out>
ENTRY POINT SYMBOL: "_c_int00"  address: 00000545


MEMORY CONFIGURATION

         name            origin    length      used     unused   attr    fill
----------------------  --------  ---------  --------  --------  ----  --------
  FLASH                 00000000   00040000  00000680  0003f980  R  X
  SRAM                  20000000   00008000  00000414  00007bec  RW X


SEGMENT ALLOCATION MAP

run origin  load origin   length   init length attrs members
----------  ----------- ---------- ----------- ----- -------
00000000    00000000    00000680   00000680    r-x
  00000000    00000000    0000026c   0000026c    r-- .intvecs
  0000026c    0000026c    000003f4   000003f4    r-x .text
  00000660    00000660    00000020   00000020    r-- .cinit
20000000    20000000    00000414   00000000    rw-
  20000000    20000000    00000400   00000000    rw- .stack
  20000400    20000400    00000014   00000000    rw- .data


SECTION ALLOCATION MAP

 output                                  attributes/
section   page    origin      length       input sections
--------  ----  ----------  ----------   ----------------
.intvecs   0    00000000    0000026c     
                  00000000    0000026c     tm4c123gh6pm_startup_ccs.obj (.intvecs)

.init_array 
*          0    00000000    00000000     UNINITIALIZED

.text      0    0000026c    000003f4     
                  0000026c    000000c0     initPWM.obj (.text)
                  0000032c    0000009c     rtsv7M4_T_le_v4SPD16_eabi.lib : memcpy_t2.obj (.text)
                  000003c8    00000094                                   : auto_init.obj (.text)
                  0000045c    00000088     main.obj (.text)
                  000004e4    0000005e     rtsv7M4_T_le_v4SPD16_eabi.lib : copy_decompress_rle.obj (.text)
                  00000542    00000002     --HOLE-- [fill = 0]
                  00000544    00000048                                   : boot.obj (.text)
                  0000058c    00000044                                   : cpy_tbl.obj (.text)
                  000005d0    00000044                                   : exit.obj (.text)
                  00000614    00000018                                   : args_main.obj (.text)
                  0000062c    00000014                                   : _lock.obj (.text)
                  00000640    0000000e                                   : copy_decompress_none.obj (.text:decompress:none)
                  0000064e    0000000c     tm4c123gh6pm_startup_ccs.obj (.text)
                  0000065a    00000006     rtsv7M4_T_le_v4SPD16_eabi.lib : copy_decompress_rle.obj (.text:decompress:rle24)

.cinit     0    00000660    00000020     
                  00000660    0000000f     (.cinit..data.load) [load image, compression = rle]
                  0000066f    00000001     --HOLE-- [fill = 0]
                  00000670    00000008     (__TI_handler_table)
                  00000678    00000008     (__TI_cinit_table)

.stack     0    20000000    00000400     UNINITIALIZED
                  20000000    00000400     --HOLE--

.data      0    20000400    00000014     UNINITIALIZED
                  20000400    00000008     rtsv7M4_T_le_v4SPD16_eabi.lib : _lock.obj (.data)
                  20000408    00000008                                   : exit.obj (.data)
                  20000410    00000004                                   : stkdepth_vars.obj (.data)


LINKER GENERATED COPY TABLES

__TI_cinit_table @ 00000678 records: 1, size/record: 8, table size: 8
	.data: load addr=00000660, load size=0000000f bytes, run addr=20000400, run size=00000014 bytes, compression=rle


LINKER GENERATED HANDLER TABLE

__TI_handler_table @ 00000670 records: 2, size/record: 4, table size: 8
	index: 0, handler: __TI_decompress_rle24
	index: 1, handler: __TI_decompress_none


GLOBAL SYMBOLS: SORTED ALPHABETICALLY BY Name 

address    name
--------   ----
000005d1   C$$EXIT
0000064f   ResetISR
UNDEFED    SHT$$INIT_ARRAY$$Base
UNDEFED    SHT$$INIT_ARRAY$$Limit
20000400   __STACK_END
00000400   __STACK_SIZE
20000200   __STACK_TOP
00000678   __TI_CINIT_Base
00000680   __TI_CINIT_Limit
00000670   __TI_Handler_Table_Base
00000678   __TI_Handler_Table_Limit
00000001   __TI_args_main
000003c9   __TI_auto_init
20000408   __TI_cleanup_ptr
00000641   __TI_decompress_none
0000065b   __TI_decompress_rle24
2000040c   __TI_dtors_ptr
00000000   __TI_static_base__
0000032d   __aeabi_memcpy
0000032d   __aeabi_memcpy4
0000032d   __aeabi_memcpy8
ffffffff   __binit__
ffffffff   __c_args__
20000000   __stack
00000615   _args_main
00000545   _c_int00
20000400   _lock
0000063b   _nop
00000633   _register_lock
0000062d   _register_unlock
20000404   _unlock
000005d5   abort
ffffffff   binit
0000058d   copy_in
000005dd   exit
00000000   g_pfnVectors
0000026d   initPWM
0000045d   main
20000410   main_func_sp
0000032d   memcpy


GLOBAL SYMBOLS: SORTED BY Symbol Address 

address    name
--------   ----
00000000   __TI_static_base__
00000000   g_pfnVectors
00000001   __TI_args_main
0000026d   initPWM
0000032d   __aeabi_memcpy
0000032d   __aeabi_memcpy4
0000032d   __aeabi_memcpy8
0000032d   memcpy
000003c9   __TI_auto_init
00000400   __STACK_SIZE
0000045d   main
00000545   _c_int00
0000058d   copy_in
000005d1   C$$EXIT
000005d5   abort
000005dd   exit
00000615   _args_main
0000062d   _register_unlock
00000633   _register_lock
0000063b   _nop
00000641   __TI_decompress_none
0000064f   ResetISR
0000065b   __TI_decompress_rle24
00000670   __TI_Handler_Table_Base
00000678   __TI_CINIT_Base
00000678   __TI_Handler_Table_Limit
00000680   __TI_CINIT_Limit
20000000   __stack
20000200   __STACK_TOP
20000400   __STACK_END
20000400   _lock
20000404   _unlock
20000408   __TI_cleanup_ptr
2000040c   __TI_dtors_ptr
20000410   main_func_sp
ffffffff   __binit__
ffffffff   __c_args__
ffffffff   binit
UNDEFED    SHT$$INIT_ARRAY$$Base
UNDEFED    SHT$$INIT_ARRAY$$Limit

[40 symbols]
