******************************************************************************
                  TI ARM Linker PC v5.1.1                      
******************************************************************************
>> Linked Sun Jul 12 15:53:44 2015

OUTPUT FILE NAME:   <My_Practice_1.out>
ENTRY POINT SYMBOL: "_c_int00"  address: 000005cd


MEMORY CONFIGURATION

         name            origin    length      used     unused   attr    fill
----------------------  --------  ---------  --------  --------  ----  --------
  FLASH                 00000000   00040000  0000071c  0003f8e4  R  X
  SRAM                  20000000   00008000  00000414  00007bec  RW X


SEGMENT ALLOCATION MAP

run origin  load origin   length   init length attrs members
----------  ----------- ---------- ----------- ----- -------
00000000    00000000    00000720   00000720    r-x
  00000000    00000000    0000026c   0000026c    r-- .intvecs
  0000026c    0000026c    00000490   00000490    r-x .text
  00000700    00000700    00000020   00000020    r-- .cinit
20000000    20000000    00000414   00000000    rw-
  20000000    20000000    00000400   00000000    rw- .stack
  20000400    20000400    00000014   00000000    rw- .data


SECTION ALLOCATION MAP

 output                                  attributes/
section   page    origin      length       input sections
--------  ----  ----------  ----------   ----------------
.intvecs   0    00000000    0000026c     
                  00000000    0000026c     tm4c123gh6pm_startup_ccs.obj (.intvecs)

.init_array 
*          0    00000000    00000000     UNINITIALIZED

.text      0    0000026c    00000490     
                  0000026c    000001d0     main.obj (.text)
                  0000043c    0000009c     rtsv7M4_T_le_v4SPD16_eabi.lib : memcpy_t2.obj (.text)
                  000004d8    00000094                                   : auto_init.obj (.text)
                  0000056c    0000005e                                   : copy_decompress_rle.obj (.text)
                  000005ca    00000002     --HOLE-- [fill = 0]
                  000005cc    00000048                                   : boot.obj (.text)
                  00000614    00000044                                   : cpy_tbl.obj (.text)
                  00000658    00000044                                   : exit.obj (.text)
                  0000069c    00000018                                   : args_main.obj (.text)
                  000006b4    00000014                                   : _lock.obj (.text)
                  000006c8    00000014                                   : strlen.obj (.text)
                  000006dc    0000000e                                   : copy_decompress_none.obj (.text:decompress:none)
                  000006ea    0000000c     tm4c123gh6pm_startup_ccs.obj (.text)
                  000006f6    00000006     rtsv7M4_T_le_v4SPD16_eabi.lib : copy_decompress_rle.obj (.text:decompress:rle24)

.cinit     0    00000700    00000020     
                  00000700    0000000f     (.cinit..data.load) [load image, compression = rle]
                  0000070f    00000001     --HOLE-- [fill = 0]
                  00000710    00000008     (__TI_handler_table)
                  00000718    00000008     (__TI_cinit_table)

.stack     0    20000000    00000400     UNINITIALIZED
                  20000000    00000400     --HOLE--

.data      0    20000400    00000014     UNINITIALIZED
                  20000400    00000008     rtsv7M4_T_le_v4SPD16_eabi.lib : _lock.obj (.data)
                  20000408    00000008                                   : exit.obj (.data)
                  20000410    00000004                                   : stkdepth_vars.obj (.data)


LINKER GENERATED COPY TABLES

__TI_cinit_table @ 00000718 records: 1, size/record: 8, table size: 8
	.data: load addr=00000700, load size=0000000f bytes, run addr=20000400, run size=00000014 bytes, compression=rle


LINKER GENERATED HANDLER TABLE

__TI_handler_table @ 00000710 records: 2, size/record: 4, table size: 8
	index: 0, handler: __TI_decompress_rle24
	index: 1, handler: __TI_decompress_none


GLOBAL SYMBOLS: SORTED ALPHABETICALLY BY Name 

address    name
--------   ----
00000659   C$$EXIT
000006eb   ResetISR
UNDEFED    SHT$$INIT_ARRAY$$Base
UNDEFED    SHT$$INIT_ARRAY$$Limit
20000400   __STACK_END
00000400   __STACK_SIZE
20000200   __STACK_TOP
00000718   __TI_CINIT_Base
00000720   __TI_CINIT_Limit
00000710   __TI_Handler_Table_Base
00000718   __TI_Handler_Table_Limit
00000001   __TI_args_main
000004d9   __TI_auto_init
20000408   __TI_cleanup_ptr
000006dd   __TI_decompress_none
000006f7   __TI_decompress_rle24
2000040c   __TI_dtors_ptr
00000000   __TI_static_base__
0000043d   __aeabi_memcpy
0000043d   __aeabi_memcpy4
0000043d   __aeabi_memcpy8
ffffffff   __binit__
ffffffff   __c_args__
20000000   __stack
0000069d   _args_main
000005cd   _c_int00
20000400   _lock
000006c3   _nop
000006bb   _register_lock
000006b5   _register_unlock
20000404   _unlock
0000065d   abort
ffffffff   binit
00000615   copy_in
00000665   exit
00000000   g_pfnVectors
000002c7   init_UART
0000026d   init_hw
0000036f   main
20000410   main_func_sp
0000043d   memcpy
0000035b   serial_getc
00000317   serial_putc
00000333   serial_puts
000006c9   strlen
000002f3   waitMicrosecond


GLOBAL SYMBOLS: SORTED BY Symbol Address 

address    name
--------   ----
00000000   __TI_static_base__
00000000   g_pfnVectors
00000001   __TI_args_main
0000026d   init_hw
000002c7   init_UART
000002f3   waitMicrosecond
00000317   serial_putc
00000333   serial_puts
0000035b   serial_getc
0000036f   main
00000400   __STACK_SIZE
0000043d   __aeabi_memcpy
0000043d   __aeabi_memcpy4
0000043d   __aeabi_memcpy8
0000043d   memcpy
000004d9   __TI_auto_init
000005cd   _c_int00
00000615   copy_in
00000659   C$$EXIT
0000065d   abort
00000665   exit
0000069d   _args_main
000006b5   _register_unlock
000006bb   _register_lock
000006c3   _nop
000006c9   strlen
000006dd   __TI_decompress_none
000006eb   ResetISR
000006f7   __TI_decompress_rle24
00000710   __TI_Handler_Table_Base
00000718   __TI_CINIT_Base
00000718   __TI_Handler_Table_Limit
00000720   __TI_CINIT_Limit
20000000   __stack
20000200   __STACK_TOP
20000400   __STACK_END
20000400   _lock
20000404   _unlock
20000408   __TI_cleanup_ptr
2000040c   __TI_dtors_ptr
20000410   main_func_sp
ffffffff   __binit__
ffffffff   __c_args__
ffffffff   binit
UNDEFED    SHT$$INIT_ARRAY$$Base
UNDEFED    SHT$$INIT_ARRAY$$Limit

[46 symbols]
