******************************************************************************
                  TI ARM Linker PC v5.1.1                      
******************************************************************************
>> Linked Thu Nov 26 16:55:02 2015

OUTPUT FILE NAME:   <Module_UART.out>
ENTRY POINT SYMBOL: "_c_int00"  address: 00000351


MEMORY CONFIGURATION

         name            origin    length      used     unused   attr    fill
----------------------  --------  ---------  --------  --------  ----  --------
  FLASH                 00000000   00040000  00000494  0003fb6c  R  X
  SRAM                  20000000   00008000  00000414  00007bec  RW X


SEGMENT ALLOCATION MAP

run origin  load origin   length   init length attrs members
----------  ----------- ---------- ----------- ----- -------
00000000    00000000    00000498   00000498    r-x
  00000000    00000000    00000474   00000474    r-x .text
  00000478    00000478    00000020   00000020    r-- .cinit
20000000    20000000    00000414   00000000    rw-
  20000000    20000000    00000400   00000000    rw- .stack
  20000400    20000400    00000014   00000000    rw- .data


SECTION ALLOCATION MAP

 output                                  attributes/
section   page    origin      length       input sections
--------  ----  ----------  ----------   ----------------
.text      0    00000000    00000474     
                  00000000    000001c0     main.obj (.text)
                  000001c0    0000009c     rtsv7M4_T_le_v4SPD16_eabi.lib : memcpy_t2.obj (.text)
                  0000025c    00000094                                   : auto_init.obj (.text)
                  000002f0    0000005e                                   : copy_decompress_rle.obj (.text)
                  0000034e    00000002     --HOLE-- [fill = 0]
                  00000350    00000048                                   : boot.obj (.text)
                  00000398    00000044                                   : cpy_tbl.obj (.text)
                  000003dc    00000044                                   : exit.obj (.text)
                  00000420    00000018                                   : args_main.obj (.text)
                  00000438    00000014                                   : _lock.obj (.text)
                  0000044c    00000014                                   : strlen.obj (.text)
                  00000460    0000000e                                   : copy_decompress_none.obj (.text:decompress:none)
                  0000046e    00000006                                   : copy_decompress_rle.obj (.text:decompress:rle24)

.init_array 
*          0    00000000    00000000     UNINITIALIZED

.cinit     0    00000478    00000020     
                  00000478    0000000f     (.cinit..data.load) [load image, compression = rle]
                  00000487    00000001     --HOLE-- [fill = 0]
                  00000488    00000008     (__TI_handler_table)
                  00000490    00000008     (__TI_cinit_table)

.stack     0    20000000    00000400     UNINITIALIZED
                  20000000    00000400     --HOLE--

.data      0    20000400    00000014     UNINITIALIZED
                  20000400    00000008     rtsv7M4_T_le_v4SPD16_eabi.lib : _lock.obj (.data)
                  20000408    00000008                                   : exit.obj (.data)
                  20000410    00000004                                   : stkdepth_vars.obj (.data)


LINKER GENERATED COPY TABLES

__TI_cinit_table @ 00000490 records: 1, size/record: 8, table size: 8
	.data: load addr=00000478, load size=0000000f bytes, run addr=20000400, run size=00000014 bytes, compression=rle


LINKER GENERATED HANDLER TABLE

__TI_handler_table @ 00000488 records: 2, size/record: 4, table size: 8
	index: 0, handler: __TI_decompress_rle24
	index: 1, handler: __TI_decompress_none


GLOBAL SYMBOLS: SORTED ALPHABETICALLY BY Name 

address    name
--------   ----
000003dd   C$$EXIT
UNDEFED    SHT$$INIT_ARRAY$$Base
UNDEFED    SHT$$INIT_ARRAY$$Limit
20000400   __STACK_END
00000400   __STACK_SIZE
20000200   __STACK_TOP
00000490   __TI_CINIT_Base
00000498   __TI_CINIT_Limit
00000488   __TI_Handler_Table_Base
00000490   __TI_Handler_Table_Limit
00000001   __TI_args_main
0000025d   __TI_auto_init
20000408   __TI_cleanup_ptr
00000461   __TI_decompress_none
0000046f   __TI_decompress_rle24
2000040c   __TI_dtors_ptr
00000000   __TI_static_base__
000001c1   __aeabi_memcpy
000001c1   __aeabi_memcpy4
000001c1   __aeabi_memcpy8
ffffffff   __binit__
ffffffff   __c_args__
20000000   __stack
00000421   _args_main
00000351   _c_int00
20000400   _lock
00000447   _nop
0000043f   _register_lock
00000439   _register_unlock
20000404   _unlock
000003e1   abort
ffffffff   binit
00000399   copy_in
000003e9   exit
000000c1   getcUart0
00000001   initHW
000000e5   main
20000410   main_func_sp
000001c1   memcpy
0000007d   putcUart0
00000099   putsUart0
0000044d   strlen
000000d5   waitPbPress


GLOBAL SYMBOLS: SORTED BY Symbol Address 

address    name
--------   ----
00000000   __TI_static_base__
00000001   __TI_args_main
00000001   initHW
0000007d   putcUart0
00000099   putsUart0
000000c1   getcUart0
000000d5   waitPbPress
000000e5   main
000001c1   __aeabi_memcpy
000001c1   __aeabi_memcpy4
000001c1   __aeabi_memcpy8
000001c1   memcpy
0000025d   __TI_auto_init
00000351   _c_int00
00000399   copy_in
000003dd   C$$EXIT
000003e1   abort
000003e9   exit
00000400   __STACK_SIZE
00000421   _args_main
00000439   _register_unlock
0000043f   _register_lock
00000447   _nop
0000044d   strlen
00000461   __TI_decompress_none
0000046f   __TI_decompress_rle24
00000488   __TI_Handler_Table_Base
00000490   __TI_CINIT_Base
00000490   __TI_Handler_Table_Limit
00000498   __TI_CINIT_Limit
20000000   __stack
20000200   __STACK_TOP
20000400   __STACK_END
20000400   _lock
20000404   _unlock
20000408   __TI_cleanup_ptr
2000040c   __TI_dtors_ptr
20000410   main_func_sp
ffffffff   __binit__
ffffffff   __c_args__
ffffffff   binit
UNDEFED    SHT$$INIT_ARRAY$$Base
UNDEFED    SHT$$INIT_ARRAY$$Limit

[43 symbols]
