******************************************************************************
                  TI ARM Linker PC v5.1.1                      
******************************************************************************
>> Linked Tue Jun 30 19:51:36 2015

OUTPUT FILE NAME:   <Blinky_LED.out>
ENTRY POINT SYMBOL: "_c_int00"  address: 000004ed


MEMORY CONFIGURATION

         name            origin    length      used     unused   attr    fill
----------------------  --------  ---------  --------  --------  ----  --------
  FLASH                 00000000   00040000  00000628  0003f9d8  R  X
  SRAM                  20000000   00008000  00000214  00007dec  RW X


SEGMENT ALLOCATION MAP

run origin  load origin   length   init length attrs members
----------  ----------- ---------- ----------- ----- -------
00000000    00000000    00000628   00000628    r-x
  00000000    00000000    0000026c   0000026c    r-- .intvecs
  0000026c    0000026c    0000039c   0000039c    r-x .text
  00000608    00000608    00000020   00000020    r-- .cinit
20000000    20000000    00000214   00000000    rw-
  20000000    20000000    00000200   00000000    rw- .stack
  20000200    20000200    00000014   00000000    rw- .data


SECTION ALLOCATION MAP

 output                                  attributes/
section   page    origin      length       input sections
--------  ----  ----------  ----------   ----------------
.intvecs   0    00000000    0000026c     
                  00000000    0000026c     tm4c123gh6pm_startup_ccs.obj (.intvecs)

.init_array 
*          0    00000000    00000000     UNINITIALIZED

.text      0    0000026c    0000039c     
                  0000026c    000000f0     main.obj (.text)
                  0000035c    0000009c     rtsv7M4_T_le_v4SPD16_eabi.lib : memcpy_t2.obj (.text)
                  000003f8    00000094                                   : auto_init.obj (.text)
                  0000048c    0000005e                                   : copy_decompress_rle.obj (.text)
                  000004ea    00000002     --HOLE-- [fill = 0]
                  000004ec    00000048                                   : boot.obj (.text)
                  00000534    00000044                                   : cpy_tbl.obj (.text)
                  00000578    00000044                                   : exit.obj (.text)
                  000005bc    00000018                                   : args_main.obj (.text)
                  000005d4    00000014                                   : _lock.obj (.text)
                  000005e8    0000000e                                   : copy_decompress_none.obj (.text:decompress:none)
                  000005f6    0000000c     tm4c123gh6pm_startup_ccs.obj (.text)
                  00000602    00000006     rtsv7M4_T_le_v4SPD16_eabi.lib : copy_decompress_rle.obj (.text:decompress:rle24)

.cinit     0    00000608    00000020     
                  00000608    0000000f     (.cinit..data.load) [load image, compression = rle]
                  00000617    00000001     --HOLE-- [fill = 0]
                  00000618    00000008     (__TI_handler_table)
                  00000620    00000008     (__TI_cinit_table)

.stack     0    20000000    00000200     UNINITIALIZED
                  20000000    00000200     --HOLE--

.data      0    20000200    00000014     UNINITIALIZED
                  20000200    00000008     rtsv7M4_T_le_v4SPD16_eabi.lib : _lock.obj (.data)
                  20000208    00000008                                   : exit.obj (.data)
                  20000210    00000004                                   : stkdepth_vars.obj (.data)


LINKER GENERATED COPY TABLES

__TI_cinit_table @ 00000620 records: 1, size/record: 8, table size: 8
	.data: load addr=00000608, load size=0000000f bytes, run addr=20000200, run size=00000014 bytes, compression=rle


LINKER GENERATED HANDLER TABLE

__TI_handler_table @ 00000618 records: 2, size/record: 4, table size: 8
	index: 0, handler: __TI_decompress_rle24
	index: 1, handler: __TI_decompress_none


GLOBAL SYMBOLS: SORTED ALPHABETICALLY BY Name 

address    name
--------   ----
00000579   C$$EXIT
000005f7   ResetISR
UNDEFED    SHT$$INIT_ARRAY$$Base
UNDEFED    SHT$$INIT_ARRAY$$Limit
20000200   __STACK_END
00000200   __STACK_SIZE
20000200   __STACK_TOP
00000620   __TI_CINIT_Base
00000628   __TI_CINIT_Limit
00000618   __TI_Handler_Table_Base
00000620   __TI_Handler_Table_Limit
00000001   __TI_args_main
000003f9   __TI_auto_init
20000208   __TI_cleanup_ptr
000005e9   __TI_decompress_none
00000603   __TI_decompress_rle24
2000020c   __TI_dtors_ptr
00000000   __TI_static_base__
0000035d   __aeabi_memcpy
0000035d   __aeabi_memcpy4
0000035d   __aeabi_memcpy8
ffffffff   __binit__
ffffffff   __c_args__
20000000   __stack
000005bd   _args_main
000004ed   _c_int00
20000200   _lock
000005e3   _nop
000005db   _register_lock
000005d5   _register_unlock
20000204   _unlock
0000057d   abort
ffffffff   binit
00000535   copy_in
00000585   exit
00000000   g_pfnVectors
0000027d   initHw
000002f3   main
20000210   main_func_sp
0000035d   memcpy
0000026d   waitPbPress


GLOBAL SYMBOLS: SORTED BY Symbol Address 

address    name
--------   ----
00000000   __TI_static_base__
00000000   g_pfnVectors
00000001   __TI_args_main
00000200   __STACK_SIZE
0000026d   waitPbPress
0000027d   initHw
000002f3   main
0000035d   __aeabi_memcpy
0000035d   __aeabi_memcpy4
0000035d   __aeabi_memcpy8
0000035d   memcpy
000003f9   __TI_auto_init
000004ed   _c_int00
00000535   copy_in
00000579   C$$EXIT
0000057d   abort
00000585   exit
000005bd   _args_main
000005d5   _register_unlock
000005db   _register_lock
000005e3   _nop
000005e9   __TI_decompress_none
000005f7   ResetISR
00000603   __TI_decompress_rle24
00000618   __TI_Handler_Table_Base
00000620   __TI_CINIT_Base
00000620   __TI_Handler_Table_Limit
00000628   __TI_CINIT_Limit
20000000   __stack
20000200   __STACK_END
20000200   __STACK_TOP
20000200   _lock
20000204   _unlock
20000208   __TI_cleanup_ptr
2000020c   __TI_dtors_ptr
20000210   main_func_sp
ffffffff   __binit__
ffffffff   __c_args__
ffffffff   binit
UNDEFED    SHT$$INIT_ARRAY$$Base
UNDEFED    SHT$$INIT_ARRAY$$Limit

[41 symbols]
