******************************************************************************
                  TI ARM Linker PC v5.1.1                      
******************************************************************************
>> Linked Sun Jul 19 12:56:48 2015

OUTPUT FILE NAME:   <Module_ADC.out>
ENTRY POINT SYMBOL: "_c_int00"  address: 00002055


MEMORY CONFIGURATION

         name            origin    length      used     unused   attr    fill
----------------------  --------  ---------  --------  --------  ----  --------
  FLASH                 00000000   00040000  000025e6  0003da1a  R  X
  SRAM                  20000000   00008000  00000816  000077ea  RW X


SEGMENT ALLOCATION MAP

run origin  load origin   length   init length attrs members
----------  ----------- ---------- ----------- ----- -------
00000000    00000000    000025e8   000025e8    r-x
  00000000    00000000    0000026c   0000026c    r-- .intvecs
  0000026c    0000026c    0000204c   0000204c    r-x .text
  000022b8    000022b8    000002f6   000002f6    r-- .const
  000025b0    000025b0    00000038   00000038    r-- .cinit
20000000    20000000    00000816   00000000    rw-
  20000000    20000000    00000400   00000000    rw- .bss
  20000400    20000400    00000400   00000000    rw- .stack
  20000800    20000800    00000016   00000000    rw- .data


SECTION ALLOCATION MAP

 output                                  attributes/
section   page    origin      length       input sections
--------  ----  ----------  ----------   ----------------
.intvecs   0    00000000    0000026c     
                  00000000    0000026c     tm4c123gh6pm_startup_ccs.obj (.intvecs)

.init_array 
*          0    00000000    00000000     UNINITIALIZED

.text      0    0000026c    0000204c     
                  0000026c    00000e8c     rtsv7M4_T_le_v4SPD16_eabi.lib : _printfi.obj (.text)
                  000010f8    00000340     init_LCD.obj (.text)
                  00001438    000001f4     rtsv7M4_T_le_v4SPD16_eabi.lib : ull_div_t2.obj (.text)
                  0000162c    000001b6                                   : fd_add_t2.obj (.text)
                  000017e2    00000136                                   : fd_div_t2.obj (.text)
                  00001918    000000fc                                   : fd_mul_t2.obj (.text)
                  00001a14    000000bc     initAdc.obj (.text)
                  00001ad0    000000a4     init_SSI0.obj (.text)
                  00001b74    0000009c     rtsv7M4_T_le_v4SPD16_eabi.lib : memcpy_t2.obj (.text)
                  00001c10    00000094                                   : auto_init.obj (.text)
                  00001ca4    0000007e                                   : fd_cmp_t2.obj (.text:__aeabi_cdcmple)
                  00001d22    0000007e                                   : fd_cmp_t2.obj (.text:__aeabi_cdrcmple)
                  00001da0    00000078                                   : memset_t2.obj (.text)
                  00001e18    00000074     conversionAdc.obj (.text)
                  00001e8c    00000062     main.obj (.text)
                  00001eee    00000002     --HOLE-- [fill = 0]
                  00001ef0    00000060     rtsv7M4_T_le_v4SPD16_eabi.lib : sprintf.obj (.text)
                  00001f50    0000005e                                   : copy_decompress_rle.obj (.text)
                  00001fae    0000005a                                   : ltoa.obj (.text)
                  00002008    0000004c                                   : atoi.obj (.text)
                  00002054    00000048                                   : boot.obj (.text)
                  0000209c    00000048                                   : fd_toi_t2.obj (.text)
                  000020e4    00000044                                   : cpy_tbl.obj (.text)
                  00002128    00000044                                   : exit.obj (.text)
                  0000216c    00000044                                   : xdtest.obj (.text)
                  000021b0    0000002e                                   : i_tofd_t2.obj (.text)
                  000021de    00000020                                   : u_tofd_t2.obj (.text)
                  000021fe    0000001c                                   : memccpy.obj (.text)
                  0000221a    00000002     --HOLE-- [fill = 0]
                  0000221c    00000018                                   : args_main.obj (.text)
                  00002234    00000018                                   : ll_mul_t2.obj (.text)
                  0000224c    00000014                                   : _lock.obj (.text)
                  00002260    00000014                                   : strlen.obj (.text)
                  00002274    00000012                                   : copy_zero_init.obj (.text:decompress:ZI)
                  00002286    00000012                                   : xdclass.obj (.text)
                  00002298    0000000e                                   : copy_decompress_none.obj (.text:decompress:none)
                  000022a6    0000000c     tm4c123gh6pm_startup_ccs.obj (.text)
                  000022b2    00000006     rtsv7M4_T_le_v4SPD16_eabi.lib : copy_decompress_rle.obj (.text:decompress:rle24)

.const     0    000022b8    000002f6     
                  000022b8    000001f4     init_LCD.obj (.const:charGen)
                  000024ac    00000102     rtsv7M4_T_le_v4SPD16_eabi.lib : ctype.obj (.const:.string:_ctypes_)

.cinit     0    000025b0    00000038     
                  000025b0    0000000f     (.cinit..data.load) [load image, compression = rle]
                  000025bf    00000001     --HOLE-- [fill = 0]
                  000025c0    0000000c     (__TI_handler_table)
                  000025cc    00000004     --HOLE-- [fill = 0]
                  000025d0    00000008     (.cinit..bss.load) [load image, compression = zero_init]
                  000025d8    00000010     (__TI_cinit_table)

.bss       0    20000000    00000400     UNINITIALIZED
                  20000000    00000400     init_LCD.obj (.bss:pixelMap)

.stack     0    20000400    00000400     UNINITIALIZED
                  20000400    00000400     --HOLE--

.data      0    20000800    00000016     UNINITIALIZED
                  20000800    00000008     rtsv7M4_T_le_v4SPD16_eabi.lib : _lock.obj (.data)
                  20000808    00000008                                   : exit.obj (.data)
                  20000810    00000004                                   : stkdepth_vars.obj (.data)
                  20000814    00000002     init_LCD.obj (.data)


LINKER GENERATED COPY TABLES

__TI_cinit_table @ 000025d8 records: 2, size/record: 8, table size: 16
	.data: load addr=000025b0, load size=0000000f bytes, run addr=20000800, run size=00000016 bytes, compression=rle
	.bss: load addr=000025d0, load size=00000008 bytes, run addr=20000000, run size=00000400 bytes, compression=zero_init


LINKER GENERATED HANDLER TABLE

__TI_handler_table @ 000025c0 records: 3, size/record: 4, table size: 12
	index: 0, handler: __TI_decompress_rle24
	index: 1, handler: __TI_decompress_none
	index: 2, handler: __TI_zero_init


GLOBAL SYMBOLS: SORTED ALPHABETICALLY BY Name 

address    name
--------   ----
00002129   C$$EXIT
000022a7   ResetISR
UNDEFED    SHT$$INIT_ARRAY$$Base
UNDEFED    SHT$$INIT_ARRAY$$Limit
00002287   _Dclass
0000216d   _Dtest
20000800   __STACK_END
00000400   __STACK_SIZE
20000600   __STACK_TOP
000025d8   __TI_CINIT_Base
000025e8   __TI_CINIT_Limit
000025c0   __TI_Handler_Table_Base
000025cc   __TI_Handler_Table_Limit
00000001   __TI_args_main
00001c11   __TI_auto_init
20000808   __TI_cleanup_ptr
00002299   __TI_decompress_none
000022b3   __TI_decompress_rle24
2000080c   __TI_dtors_ptr
00000def   __TI_printfi
00000000   __TI_static_base__
00002275   __TI_zero_init
00001ca5   __aeabi_cdcmpeq
00001ca5   __aeabi_cdcmple
00001d23   __aeabi_cdrcmple
0000209d   __aeabi_d2iz
00001637   __aeabi_dadd
000017e3   __aeabi_ddiv
00001919   __aeabi_dmul
0000162d   __aeabi_dsub
000021b1   __aeabi_i2d
00002235   __aeabi_lmul
00001da1   __aeabi_memclr
00001da1   __aeabi_memclr4
00001da1   __aeabi_memclr8
00001b75   __aeabi_memcpy
00001b75   __aeabi_memcpy4
00001b75   __aeabi_memcpy8
00001da3   __aeabi_memset
00001da3   __aeabi_memset4
00001da3   __aeabi_memset8
000021df   __aeabi_ui2d
00001439   __aeabi_uldivmod
ffffffff   __binit__
ffffffff   __c_args__
20000400   __stack
0000221d   _args_main
00002055   _c_int00
000024ac   _ctypes_
20000800   _lock
0000225b   _nop
00002253   _register_lock
0000224d   _register_unlock
20000804   _unlock
0000212d   abort
00002009   atoi
ffffffff   binit
000022b8   charGen
00001297   clearGraphicsLcd
00001e19   conversionAdc
000020e5   copy_in
00002135   exit
00000000   g_pfnVectors
00001a15   initAdc
000012cd   initGraphicsLcd
000010f9   initHw
00001ad1   init_SSI0
00001faf   ltoa
00001e8d   main
20000810   main_func_sp
000021ff   memccpy
00001b75   memcpy
00001da9   memset
20000000   pixelMap
00001355   putcGraphicsLcd
000013c9   putsGraphicsLcd
0000122d   refreshGraphicsLcd
00001187   sendGraphicsLcdCommand
000011bd   sendGraphicsLcdData
00001209   setGraphicsLcdColumn
000011f3   setGraphicsLcdPage
00001329   setGraphicsLcdTextPosition
00001ef1   sprintf
00002261   strlen
20000814   txtIndex
00001167   waitMicrosecond


GLOBAL SYMBOLS: SORTED BY Symbol Address 

address    name
--------   ----
00000000   __TI_static_base__
00000000   g_pfnVectors
00000001   __TI_args_main
00000400   __STACK_SIZE
00000def   __TI_printfi
000010f9   initHw
00001167   waitMicrosecond
00001187   sendGraphicsLcdCommand
000011bd   sendGraphicsLcdData
000011f3   setGraphicsLcdPage
00001209   setGraphicsLcdColumn
0000122d   refreshGraphicsLcd
00001297   clearGraphicsLcd
000012cd   initGraphicsLcd
00001329   setGraphicsLcdTextPosition
00001355   putcGraphicsLcd
000013c9   putsGraphicsLcd
00001439   __aeabi_uldivmod
0000162d   __aeabi_dsub
00001637   __aeabi_dadd
000017e3   __aeabi_ddiv
00001919   __aeabi_dmul
00001a15   initAdc
00001ad1   init_SSI0
00001b75   __aeabi_memcpy
00001b75   __aeabi_memcpy4
00001b75   __aeabi_memcpy8
00001b75   memcpy
00001c11   __TI_auto_init
00001ca5   __aeabi_cdcmpeq
00001ca5   __aeabi_cdcmple
00001d23   __aeabi_cdrcmple
00001da1   __aeabi_memclr
00001da1   __aeabi_memclr4
00001da1   __aeabi_memclr8
00001da3   __aeabi_memset
00001da3   __aeabi_memset4
00001da3   __aeabi_memset8
00001da9   memset
00001e19   conversionAdc
00001e8d   main
00001ef1   sprintf
00001faf   ltoa
00002009   atoi
00002055   _c_int00
0000209d   __aeabi_d2iz
000020e5   copy_in
00002129   C$$EXIT
0000212d   abort
00002135   exit
0000216d   _Dtest
000021b1   __aeabi_i2d
000021df   __aeabi_ui2d
000021ff   memccpy
0000221d   _args_main
00002235   __aeabi_lmul
0000224d   _register_unlock
00002253   _register_lock
0000225b   _nop
00002261   strlen
00002275   __TI_zero_init
00002287   _Dclass
00002299   __TI_decompress_none
000022a7   ResetISR
000022b3   __TI_decompress_rle24
000022b8   charGen
000024ac   _ctypes_
000025c0   __TI_Handler_Table_Base
000025cc   __TI_Handler_Table_Limit
000025d8   __TI_CINIT_Base
000025e8   __TI_CINIT_Limit
20000000   pixelMap
20000400   __stack
20000600   __STACK_TOP
20000800   __STACK_END
20000800   _lock
20000804   _unlock
20000808   __TI_cleanup_ptr
2000080c   __TI_dtors_ptr
20000810   main_func_sp
20000814   txtIndex
ffffffff   __binit__
ffffffff   __c_args__
ffffffff   binit
UNDEFED    SHT$$INIT_ARRAY$$Base
UNDEFED    SHT$$INIT_ARRAY$$Limit

[86 symbols]
