******************************************************************************
                  TI ARM Linker PC v5.1.1                      
******************************************************************************
>> Linked Mon Aug 24 18:25:42 2015

OUTPUT FILE NAME:   <Module_Timer.out>
ENTRY POINT SYMBOL: "_c_int00"  address: 000004d5


MEMORY CONFIGURATION

         name            origin    length      used     unused   attr    fill
----------------------  --------  ---------  --------  --------  ----  --------
  FLASH                 00000000   00040000  00000610  0003f9f0  R  X
  SRAM                  20000000   00008000  00000414  00007bec  RW X


SEGMENT ALLOCATION MAP

run origin  load origin   length   init length attrs members
----------  ----------- ---------- ----------- ----- -------
00000000    00000000    00000610   00000610    r-x
  00000000    00000000    0000026c   0000026c    r-- .intvecs
  0000026c    0000026c    00000384   00000384    r-x .text
  000005f0    000005f0    00000020   00000020    r-- .cinit
20000000    20000000    00000414   00000000    rw-
  20000000    20000000    00000400   00000000    rw- .stack
  20000400    20000400    00000014   00000000    rw- .data


SECTION ALLOCATION MAP

 output                                  attributes/
section   page    origin      length       input sections
--------  ----  ----------  ----------   ----------------
.intvecs   0    00000000    0000026c     
                  00000000    0000026c     tm4c123gh6pm_startup_ccs.obj (.intvecs)

.init_array 
*          0    00000000    00000000     UNINITIALIZED

.text      0    0000026c    00000384     
                  0000026c    0000009c     rtsv7M4_T_le_v4SPD16_eabi.lib : memcpy_t2.obj (.text)
                  00000308    00000094                                   : auto_init.obj (.text)
                  0000039c    0000007c     main.obj (.text)
                  00000418    0000005e     rtsv7M4_T_le_v4SPD16_eabi.lib : copy_decompress_rle.obj (.text)
                  00000476    00000002     --HOLE-- [fill = 0]
                  00000478    0000005c     initTimer.obj (.text)
                  000004d4    00000048     rtsv7M4_T_le_v4SPD16_eabi.lib : boot.obj (.text)
                  0000051c    00000044                                   : cpy_tbl.obj (.text)
                  00000560    00000044                                   : exit.obj (.text)
                  000005a4    00000018                                   : args_main.obj (.text)
                  000005bc    00000014                                   : _lock.obj (.text)
                  000005d0    0000000e                                   : copy_decompress_none.obj (.text:decompress:none)
                  000005de    0000000c     tm4c123gh6pm_startup_ccs.obj (.text)
                  000005ea    00000006     rtsv7M4_T_le_v4SPD16_eabi.lib : copy_decompress_rle.obj (.text:decompress:rle24)

.cinit     0    000005f0    00000020     
                  000005f0    0000000f     (.cinit..data.load) [load image, compression = rle]
                  000005ff    00000001     --HOLE-- [fill = 0]
                  00000600    00000008     (__TI_handler_table)
                  00000608    00000008     (__TI_cinit_table)

.stack     0    20000000    00000400     UNINITIALIZED
                  20000000    00000400     --HOLE--

.data      0    20000400    00000014     UNINITIALIZED
                  20000400    00000008     rtsv7M4_T_le_v4SPD16_eabi.lib : _lock.obj (.data)
                  20000408    00000008                                   : exit.obj (.data)
                  20000410    00000004                                   : stkdepth_vars.obj (.data)


LINKER GENERATED COPY TABLES

__TI_cinit_table @ 00000608 records: 1, size/record: 8, table size: 8
	.data: load addr=000005f0, load size=0000000f bytes, run addr=20000400, run size=00000014 bytes, compression=rle


LINKER GENERATED HANDLER TABLE

__TI_handler_table @ 00000600 records: 2, size/record: 4, table size: 8
	index: 0, handler: __TI_decompress_rle24
	index: 1, handler: __TI_decompress_none


GLOBAL SYMBOLS: SORTED ALPHABETICALLY BY Name 

address    name
--------   ----
00000561   C$$EXIT
000005df   ResetISR
UNDEFED    SHT$$INIT_ARRAY$$Base
UNDEFED    SHT$$INIT_ARRAY$$Limit
20000400   __STACK_END
00000400   __STACK_SIZE
20000200   __STACK_TOP
00000608   __TI_CINIT_Base
00000610   __TI_CINIT_Limit
00000600   __TI_Handler_Table_Base
00000608   __TI_Handler_Table_Limit
00000001   __TI_args_main
00000309   __TI_auto_init
20000408   __TI_cleanup_ptr
000005d1   __TI_decompress_none
000005eb   __TI_decompress_rle24
2000040c   __TI_dtors_ptr
00000000   __TI_static_base__
0000026d   __aeabi_memcpy
0000026d   __aeabi_memcpy4
0000026d   __aeabi_memcpy8
ffffffff   __binit__
ffffffff   __c_args__
20000000   __stack
000005a5   _args_main
000004d5   _c_int00
20000400   _lock
000005cb   _nop
000005c3   _register_lock
000005bd   _register_unlock
20000404   _unlock
00000565   abort
ffffffff   binit
0000051d   copy_in
0000056d   exit
00000000   g_pfnVectors
00000479   initTimer
0000039d   main
20000410   main_func_sp
0000026d   memcpy


GLOBAL SYMBOLS: SORTED BY Symbol Address 

address    name
--------   ----
00000000   __TI_static_base__
00000000   g_pfnVectors
00000001   __TI_args_main
0000026d   __aeabi_memcpy
0000026d   __aeabi_memcpy4
0000026d   __aeabi_memcpy8
0000026d   memcpy
00000309   __TI_auto_init
0000039d   main
00000400   __STACK_SIZE
00000479   initTimer
000004d5   _c_int00
0000051d   copy_in
00000561   C$$EXIT
00000565   abort
0000056d   exit
000005a5   _args_main
000005bd   _register_unlock
000005c3   _register_lock
000005cb   _nop
000005d1   __TI_decompress_none
000005df   ResetISR
000005eb   __TI_decompress_rle24
00000600   __TI_Handler_Table_Base
00000608   __TI_CINIT_Base
00000608   __TI_Handler_Table_Limit
00000610   __TI_CINIT_Limit
20000000   __stack
20000200   __STACK_TOP
20000400   __STACK_END
20000400   _lock
20000404   _unlock
20000408   __TI_cleanup_ptr
2000040c   __TI_dtors_ptr
20000410   main_func_sp
ffffffff   __binit__
ffffffff   __c_args__
ffffffff   binit
UNDEFED    SHT$$INIT_ARRAY$$Base
UNDEFED    SHT$$INIT_ARRAY$$Limit

[40 symbols]
