******************************************************************************
                  TI ARM Linker PC v5.1.1                      
******************************************************************************
>> Linked Tue Jul 28 19:58:25 2015

OUTPUT FILE NAME:   <Module_Interrupt.out>
ENTRY POINT SYMBOL: "_c_int00"  address: 00000549


MEMORY CONFIGURATION

         name            origin    length      used     unused   attr    fill
----------------------  --------  ---------  --------  --------  ----  --------
  FLASH                 00000000   00040000  00000684  0003f97c  R  X
  SRAM                  20000000   00008000  00000418  00007be8  RW X


SEGMENT ALLOCATION MAP

run origin  load origin   length   init length attrs members
----------  ----------- ---------- ----------- ----- -------
00000000    00000000    00000688   00000688    r-x
  00000000    00000000    0000026c   0000026c    r-- .intvecs
  0000026c    0000026c    000003f8   000003f8    r-x .text
  00000668    00000668    00000020   00000020    r-- .cinit
20000000    20000000    00000418   00000000    rw-
  20000000    20000000    00000400   00000000    rw- .stack
  20000400    20000400    00000018   00000000    rw- .data


SECTION ALLOCATION MAP

 output                                  attributes/
section   page    origin      length       input sections
--------  ----  ----------  ----------   ----------------
.intvecs   0    00000000    0000026c     
                  00000000    0000026c     tm4c123gh6pm_startup_ccs.obj (.intvecs)

.init_array 
*          0    00000000    00000000     UNINITIALIZED

.text      0    0000026c    000003f8     
                  0000026c    0000009c     rtsv7M4_T_le_v4SPD16_eabi.lib : memcpy_t2.obj (.text)
                  00000308    00000094                                   : auto_init.obj (.text)
                  0000039c    0000008c     main.obj (.text)
                  00000428    00000064     initPortF.obj (.text)
                  0000048c    0000005e     rtsv7M4_T_le_v4SPD16_eabi.lib : copy_decompress_rle.obj (.text)
                  000004ea    00000002     --HOLE-- [fill = 0]
                  000004ec    0000005c     SysTickInterrupt.obj (.text)
                  00000548    00000048     rtsv7M4_T_le_v4SPD16_eabi.lib : boot.obj (.text)
                  00000590    00000044                                   : cpy_tbl.obj (.text)
                  000005d4    00000044                                   : exit.obj (.text)
                  00000618    00000018                                   : args_main.obj (.text)
                  00000630    00000014                                   : _lock.obj (.text)
                  00000644    0000000e                                   : copy_decompress_none.obj (.text:decompress:none)
                  00000652    0000000c     tm4c123gh6pm_startup_ccs.obj (.text)
                  0000065e    00000006     rtsv7M4_T_le_v4SPD16_eabi.lib : copy_decompress_rle.obj (.text:decompress:rle24)

.cinit     0    00000668    00000020     
                  00000668    0000000f     (.cinit..data.load) [load image, compression = rle]
                  00000677    00000001     --HOLE-- [fill = 0]
                  00000678    00000008     (__TI_handler_table)
                  00000680    00000008     (__TI_cinit_table)

.stack     0    20000000    00000400     UNINITIALIZED
                  20000000    00000400     --HOLE--

.data      0    20000400    00000018     UNINITIALIZED
                  20000400    00000008     rtsv7M4_T_le_v4SPD16_eabi.lib : _lock.obj (.data)
                  20000408    00000008                                   : exit.obj (.data)
                  20000410    00000004     main.obj (.data)
                  20000414    00000004     rtsv7M4_T_le_v4SPD16_eabi.lib : stkdepth_vars.obj (.data)


LINKER GENERATED COPY TABLES

__TI_cinit_table @ 00000680 records: 1, size/record: 8, table size: 8
	.data: load addr=00000668, load size=0000000f bytes, run addr=20000400, run size=00000018 bytes, compression=rle


LINKER GENERATED HANDLER TABLE

__TI_handler_table @ 00000678 records: 2, size/record: 4, table size: 8
	index: 0, handler: __TI_decompress_rle24
	index: 1, handler: __TI_decompress_none


GLOBAL SYMBOLS: SORTED ALPHABETICALLY BY Name 

address    name
--------   ----
000005d5   C$$EXIT
20000410   Counts
000003ad   GPIOPortF_handler
00000653   ResetISR
UNDEFED    SHT$$INIT_ARRAY$$Base
UNDEFED    SHT$$INIT_ARRAY$$Limit
000003d3   SysTick_Handler
20000400   __STACK_END
00000400   __STACK_SIZE
20000200   __STACK_TOP
00000680   __TI_CINIT_Base
00000688   __TI_CINIT_Limit
00000678   __TI_Handler_Table_Base
00000680   __TI_Handler_Table_Limit
00000001   __TI_args_main
00000309   __TI_auto_init
20000408   __TI_cleanup_ptr
00000645   __TI_decompress_none
0000065f   __TI_decompress_rle24
2000040c   __TI_dtors_ptr
00000000   __TI_static_base__
0000026d   __aeabi_memcpy
0000026d   __aeabi_memcpy4
0000026d   __aeabi_memcpy8
ffffffff   __binit__
ffffffff   __c_args__
20000000   __stack
00000619   _args_main
00000549   _c_int00
20000400   _lock
0000063f   _nop
00000637   _register_lock
00000631   _register_unlock
20000404   _unlock
000005d9   abort
ffffffff   binit
00000591   copy_in
000005e1   exit
00000000   g_pfnVectors
00000429   initPortF
000004ed   initSysTick
000003e9   main
20000414   main_func_sp
0000026d   memcpy
0000039d   waitPbPress


GLOBAL SYMBOLS: SORTED BY Symbol Address 

address    name
--------   ----
00000000   __TI_static_base__
00000000   g_pfnVectors
00000001   __TI_args_main
0000026d   __aeabi_memcpy
0000026d   __aeabi_memcpy4
0000026d   __aeabi_memcpy8
0000026d   memcpy
00000309   __TI_auto_init
0000039d   waitPbPress
000003ad   GPIOPortF_handler
000003d3   SysTick_Handler
000003e9   main
00000400   __STACK_SIZE
00000429   initPortF
000004ed   initSysTick
00000549   _c_int00
00000591   copy_in
000005d5   C$$EXIT
000005d9   abort
000005e1   exit
00000619   _args_main
00000631   _register_unlock
00000637   _register_lock
0000063f   _nop
00000645   __TI_decompress_none
00000653   ResetISR
0000065f   __TI_decompress_rle24
00000678   __TI_Handler_Table_Base
00000680   __TI_CINIT_Base
00000680   __TI_Handler_Table_Limit
00000688   __TI_CINIT_Limit
20000000   __stack
20000200   __STACK_TOP
20000400   __STACK_END
20000400   _lock
20000404   _unlock
20000408   __TI_cleanup_ptr
2000040c   __TI_dtors_ptr
20000410   Counts
20000414   main_func_sp
ffffffff   __binit__
ffffffff   __c_args__
ffffffff   binit
UNDEFED    SHT$$INIT_ARRAY$$Base
UNDEFED    SHT$$INIT_ARRAY$$Limit

[45 symbols]
